
> react-example@0.0.0 build
> vite build

[36mvite v6.4.1 [32mbuilding for production...[36m[39m
transforming...
[32mÔ£ô[39m 2381 modules transformed.
rendering chunks...
computing gzip size...
[2mdist/[22m[32mindex.html                    [39m[1m[2m    0.58 kB[22m[1m[22m[2m Ôöé gzip:   0.39 kB[22m
[2mdist/[22m[35massets/index-BisjTpGG.css     [39m[1m[2m   69.31 kB[22m[1m[22m[2m Ôöé gzip:  12.00 kB[22m
[2mdist/[22m[36massets/purify.es-BgtpMKW3.js  [39m[1m[2m   22.77 kB[22m[1m[22m[2m Ôöé gzip:   8.79 kB[22m
[2mdist/[22m[36massets/index.es-Beoi0EIl.js   [39m[1m[2m  159.60 kB[22m[1m[22m[2m Ôöé gzip:  53.51 kB[22m
[2mdist/[22m[36massets/index-WtnSDmeH.js      [39m[1m[33m1,495.41 kB[39m[22m[2m Ôöé gzip: 403.46 kB[22m
node.exe : [33m
At line:1 char:1
+ & "C:\Program Files\nodejs/node.exe" "C:\Users\Prova\AppData\Roaming\ ...
+ ~~~~~~~~~~~~~~~~~~~~~~~~~~~~~~~~~~~~~~~~~~~~~~~~~~~~~~~~~~~~~~~~~~~~~
    + CategoryInfo          : NotSpecified: ([33m:String) [], RemoteException
    + FullyQualifiedErrorId : NativeCommandError
 
(!) Some chunks are larger than 500 kB after minification. Consider:
- Using dynamic import() to code-split the application
- Use build.rollupOptions.output.manualChunks to improve chunking: 
https://rollupjs.org/configuration-options/#output-manualchunks
- Adjust chunk size limit for this warning via 
build.chunkSizeWarningLimit.[39m
[32mÔ£ô built in 19.72s[39m
